New file created .log extension

